  Determining projects to restore...
C:\Users\docta\Desktop\Aoife\SS14-Persistencenewbie\RobustToolbox\Robust.Shared\Robust.Shared.csproj : warning NU1510: PackageReference Microsoft.Win32.Registry will not be pruned. Consider removing this package from your dependencies, as it is likely unnecessary. [C:\Users\docta\Desktop\Aoife\SS14-Persistencenewbie\Content.Shared\Content.Shared.csproj]
C:\Users\docta\Desktop\Aoife\SS14-Persistencenewbie\RobustToolbox\Robust.Shared\Robust.Shared.csproj : warning NU1510: PackageReference System.Reflection.Metadata will not be pruned. Consider removing this package from your dependencies, as it is likely unnecessary. [C:\Users\docta\Desktop\Aoife\SS14-Persistencenewbie\Content.Shared\Content.Shared.csproj]
  All projects are up-to-date for restore.
C:\Users\docta\Desktop\Aoife\SS14-Persistencenewbie\RobustToolbox\Robust.Shared\Robust.Shared.csproj : warning NU1510: PackageReference Microsoft.Win32.Registry will not be pruned. Consider removing this package from your dependencies, as it is likely unnecessary.
C:\Users\docta\Desktop\Aoife\SS14-Persistencenewbie\RobustToolbox\Robust.Shared\Robust.Shared.csproj : warning NU1510: PackageReference System.Reflection.Metadata will not be pruned. Consider removing this package from your dependencies, as it is likely unnecessary.
  Lidgren.Network -> C:\Users\docta\Desktop\Aoife\SS14-Persistencenewbie\RobustToolbox\Lidgren.Network\bin\Debug\net10.0\SpaceWizards.Lidgren.Network.dll
  Robust.Analyzers -> C:\Users\docta\Desktop\Aoife\SS14-Persistencenewbie\RobustToolbox\Robust.Analyzers\bin\Debug\netstandard2.0\Robust.Analyzers.dll
  Robust.Serialization.Generator -> C:\Users\docta\Desktop\Aoife\SS14-Persistencenewbie\RobustToolbox\Robust.Serialization.Generator\bin\Debug\netstandard2.0\Robust.Serialization.Generator.dll
  NetSerializer -> C:\Users\docta\Desktop\Aoife\SS14-Persistencenewbie\RobustToolbox\NetSerializer\NetSerializer\bin\Debug\net10.0\Robust.NetSerializer.dll
  Robust.Shared.Maths -> C:\Users\docta\Desktop\Aoife\SS14-Persistencenewbie\RobustToolbox\Robust.Shared.Maths\bin\Debug\Robust.Shared.Maths.dll
  Robust.Shared.CompNetworkGenerator -> C:\Users\docta\Desktop\Aoife\SS14-Persistencenewbie\RobustToolbox\Robust.Shared.CompNetworkGenerator\bin\Debug\netstandard2.0\Robust.Shared.CompNetworkGenerator.dll
  Robust.Shared -> C:\Users\docta\Desktop\Aoife\SS14-Persistencenewbie\RobustToolbox\Robust.Shared\bin\Debug\Robust.Shared.dll
  Content.Shared.Database -> C:\Users\docta\Desktop\Aoife\SS14-Persistencenewbie\Content.Shared.Database\bin\Debug\net10.0\Content.Shared.Database.dll
C:\Users\docta\Desktop\Aoife\SS14-Persistencenewbie\Content.Shared\EntityEffects\Effects\Damage\DistributedHealthChangeEntityEffectSystem.cs(36,31): warning CS0618: 'DamageGroupPrototype' is obsolete: 'Do not rely on DamageGroupPrototype for anything besides grouping logically similar damage in UIs' [C:\Users\docta\Desktop\Aoife\SS14-Persistencenewbie\Content.Shared\Content.Shared.csproj]
C:\Users\docta\Desktop\Aoife\SS14-Persistencenewbie\Content.Shared\EntityEffects\Effects\Damage\EvenHealthChangeEntityEffectSystem.cs(35,31): warning CS0618: 'DamageGroupPrototype' is obsolete: 'Do not rely on DamageGroupPrototype for anything besides grouping logically similar damage in UIs' [C:\Users\docta\Desktop\Aoife\SS14-Persistencenewbie\Content.Shared\Content.Shared.csproj]
C:\Users\docta\Desktop\Aoife\SS14-Persistencenewbie\Content.Shared\GhostTypes\LastBodyDamageComponent.cs(19,31): warning CS0618: 'DamageGroupPrototype' is obsolete: 'Do not rely on DamageGroupPrototype for anything besides grouping logically similar damage in UIs' [C:\Users\docta\Desktop\Aoife\SS14-Persistencenewbie\Content.Shared\Content.Shared.csproj]
C:\Users\docta\Desktop\Aoife\SS14-Persistencenewbie\Content.Shared\obj\Debug\Robust.Shared.CompNetworkGenerator\Robust.Shared.CompNetworkGenerator.ComponentNetworkGenerator\LastBodyDamageComponent_CompNetwork.g.cs(24,103): warning CS0618: 'DamageGroupPrototype' is obsolete: 'Do not rely on DamageGroupPrototype for anything besides grouping logically similar damage in UIs' [C:\Users\docta\Desktop\Aoife\SS14-Persistencenewbie\Content.Shared\Content.Shared.csproj]
C:\Users\docta\Desktop\Aoife\SS14-Persistencenewbie\Content.Shared\Flash\SharedFlashSystem.cs(40,35): warning CS0618: 'StatusEffectsSystem' is obsolete: 'Migration to Content.Shared.StatusEffectNew.StatusEffectsSystem is required' [C:\Users\docta\Desktop\Aoife\SS14-Persistencenewbie\Content.Shared\Content.Shared.csproj]
C:\Users\docta\Desktop\Aoife\SS14-Persistencenewbie\Content.Shared\Destructible\Triggers\DamageGroupTrigger.cs(21,20): warning CS0618: 'DamageGroupPrototype' is obsolete: 'Do not rely on DamageGroupPrototype for anything besides grouping logically similar damage in UIs' [C:\Users\docta\Desktop\Aoife\SS14-Persistencenewbie\Content.Shared\Content.Shared.csproj]
C:\Users\docta\Desktop\Aoife\SS14-Persistencenewbie\Content.Shared\Medical\Healing\HealingSystem.cs(37,35): error CS0246: The type or namespace name 'SharedEntityConditionSystem' could not be found (are you missing a using directive or an assembly reference?) [C:\Users\docta\Desktop\Aoife\SS14-Persistencenewbie\Content.Shared\Content.Shared.csproj]
C:\Users\docta\Desktop\Aoife\SS14-Persistencenewbie\Content.Shared\Medical\Healing\HealingSystem.cs(27,6): error CS0104: 'Dependency' is an ambiguous reference between 'Robust.Shared.IoC.DependencyAttribute' and 'System.Runtime.CompilerServices.DependencyAttribute' [C:\Users\docta\Desktop\Aoife\SS14-Persistencenewbie\Content.Shared\Content.Shared.csproj]
C:\Users\docta\Desktop\Aoife\SS14-Persistencenewbie\Content.Shared\Medical\Healing\HealingSystem.cs(28,6): error CS0104: 'Dependency' is an ambiguous reference between 'Robust.Shared.IoC.DependencyAttribute' and 'System.Runtime.CompilerServices.DependencyAttribute' [C:\Users\docta\Desktop\Aoife\SS14-Persistencenewbie\Content.Shared\Content.Shared.csproj]
C:\Users\docta\Desktop\Aoife\SS14-Persistencenewbie\Content.Shared\Medical\Healing\HealingSystem.cs(29,6): error CS0104: 'Dependency' is an ambiguous reference between 'Robust.Shared.IoC.DependencyAttribute' and 'System.Runtime.CompilerServices.DependencyAttribute' [C:\Users\docta\Desktop\Aoife\SS14-Persistencenewbie\Content.Shared\Content.Shared.csproj]
C:\Users\docta\Desktop\Aoife\SS14-Persistencenewbie\Content.Shared\Medical\Healing\HealingSystem.cs(30,6): error CS0104: 'Dependency' is an ambiguous reference between 'Robust.Shared.IoC.DependencyAttribute' and 'System.Runtime.CompilerServices.DependencyAttribute' [C:\Users\docta\Desktop\Aoife\SS14-Persistencenewbie\Content.Shared\Content.Shared.csproj]
C:\Users\docta\Desktop\Aoife\SS14-Persistencenewbie\Content.Shared\Medical\Healing\HealingSystem.cs(31,6): error CS0104: 'Dependency' is an ambiguous reference between 'Robust.Shared.IoC.DependencyAttribute' and 'System.Runtime.CompilerServices.DependencyAttribute' [C:\Users\docta\Desktop\Aoife\SS14-Persistencenewbie\Content.Shared\Content.Shared.csproj]
C:\Users\docta\Desktop\Aoife\SS14-Persistencenewbie\Content.Shared\Medical\Healing\HealingSystem.cs(32,6): error CS0104: 'Dependency' is an ambiguous reference between 'Robust.Shared.IoC.DependencyAttribute' and 'System.Runtime.CompilerServices.DependencyAttribute' [C:\Users\docta\Desktop\Aoife\SS14-Persistencenewbie\Content.Shared\Content.Shared.csproj]
C:\Users\docta\Desktop\Aoife\SS14-Persistencenewbie\Content.Shared\Medical\Healing\HealingSystem.cs(33,6): error CS0104: 'Dependency' is an ambiguous reference between 'Robust.Shared.IoC.DependencyAttribute' and 'System.Runtime.CompilerServices.DependencyAttribute' [C:\Users\docta\Desktop\Aoife\SS14-Persistencenewbie\Content.Shared\Content.Shared.csproj]
C:\Users\docta\Desktop\Aoife\SS14-Persistencenewbie\Content.Shared\Medical\Healing\HealingSystem.cs(34,6): error CS0104: 'Dependency' is an ambiguous reference between 'Robust.Shared.IoC.DependencyAttribute' and 'System.Runtime.CompilerServices.DependencyAttribute' [C:\Users\docta\Desktop\Aoife\SS14-Persistencenewbie\Content.Shared\Content.Shared.csproj]
C:\Users\docta\Desktop\Aoife\SS14-Persistencenewbie\Content.Shared\Medical\Healing\HealingSystem.cs(35,6): error CS0104: 'Dependency' is an ambiguous reference between 'Robust.Shared.IoC.DependencyAttribute' and 'System.Runtime.CompilerServices.DependencyAttribute' [C:\Users\docta\Desktop\Aoife\SS14-Persistencenewbie\Content.Shared\Content.Shared.csproj]
C:\Users\docta\Desktop\Aoife\SS14-Persistencenewbie\Content.Shared\Medical\Healing\HealingSystem.cs(36,6): error CS0104: 'Dependency' is an ambiguous reference between 'Robust.Shared.IoC.DependencyAttribute' and 'System.Runtime.CompilerServices.DependencyAttribute' [C:\Users\docta\Desktop\Aoife\SS14-Persistencenewbie\Content.Shared\Content.Shared.csproj]
C:\Users\docta\Desktop\Aoife\SS14-Persistencenewbie\Content.Shared\Medical\Healing\HealingSystem.cs(37,6): error CS0104: 'Dependency' is an ambiguous reference between 'Robust.Shared.IoC.DependencyAttribute' and 'System.Runtime.CompilerServices.DependencyAttribute' [C:\Users\docta\Desktop\Aoife\SS14-Persistencenewbie\Content.Shared\Content.Shared.csproj]
C:\Users\docta\Desktop\Aoife\SS14-Persistencenewbie\Content.Shared\Damage\Components\DamageableComponent.cs(63,31): warning CS0618: 'DamageGroupPrototype' is obsolete: 'Do not rely on DamageGroupPrototype for anything besides grouping logically similar damage in UIs' [C:\Users\docta\Desktop\Aoife\SS14-Persistencenewbie\Content.Shared\Content.Shared.csproj]
C:\Users\docta\Desktop\Aoife\SS14-Persistencenewbie\Content.Shared\Damage\Components\DamageableComponent.cs(82,25): warning CS0618: 'DamageGroupPrototype' is obsolete: 'Do not rely on DamageGroupPrototype for anything besides grouping logically similar damage in UIs' [C:\Users\docta\Desktop\Aoife\SS14-Persistencenewbie\Content.Shared\Content.Shared.csproj]
C:\Users\docta\Desktop\Aoife\SS14-Persistencenewbie\Content.Shared\Damage\DamageSpecifier.cs(297,41): warning CS0618: 'DamageGroupPrototype' is obsolete: 'Do not rely on DamageGroupPrototype for anything besides grouping logically similar damage in UIs' [C:\Users\docta\Desktop\Aoife\SS14-Persistencenewbie\Content.Shared\Content.Shared.csproj]
C:\Users\docta\Desktop\Aoife\SS14-Persistencenewbie\Content.Shared\Damage\DamageSpecifier.cs(322,35): warning CS0618: 'DamageGroupPrototype' is obsolete: 'Do not rely on DamageGroupPrototype for anything besides grouping logically similar damage in UIs' [C:\Users\docta\Desktop\Aoife\SS14-Persistencenewbie\Content.Shared\Content.Shared.csproj]
C:\Users\docta\Desktop\Aoife\SS14-Persistencenewbie\Content.Shared\Damage\DamageSpecifier.cs(330,90): warning CS0618: 'DamageGroupPrototype' is obsolete: 'Do not rely on DamageGroupPrototype for anything besides grouping logically similar damage in UIs' [C:\Users\docta\Desktop\Aoife\SS14-Persistencenewbie\Content.Shared\Content.Shared.csproj]
C:\Users\docta\Desktop\Aoife\SS14-Persistencenewbie\Content.Shared\Damage\DamageSpecifier.cs(102,32): warning CS0618: 'DamageGroupPrototype' is obsolete: 'Do not rely on DamageGroupPrototype for anything besides grouping logically similar damage in UIs' [C:\Users\docta\Desktop\Aoife\SS14-Persistencenewbie\Content.Shared\Content.Shared.csproj]
C:\Users\docta\Desktop\Aoife\SS14-Persistencenewbie\Content.Shared\Damage\DamageVisualizerKeys.cs(19,29): warning CS0618: 'DamageGroupPrototype' is obsolete: 'Do not rely on DamageGroupPrototype for anything besides grouping logically similar damage in UIs' [C:\Users\docta\Desktop\Aoife\SS14-Persistencenewbie\Content.Shared\Content.Shared.csproj]
C:\Users\docta\Desktop\Aoife\SS14-Persistencenewbie\Content.Shared\Damage\DamageVisualizerKeys.cs(21,55): warning CS0618: 'DamageGroupPrototype' is obsolete: 'Do not rely on DamageGroupPrototype for anything besides grouping logically similar damage in UIs' [C:\Users\docta\Desktop\Aoife\SS14-Persistencenewbie\Content.Shared\Content.Shared.csproj]
C:\Users\docta\Desktop\Aoife\SS14-Persistencenewbie\Content.Shared\Damage\ForceSay\DamageForceSayComponent.cs(46,28): warning CS0618: 'DamageGroupPrototype' is obsolete: 'Do not rely on DamageGroupPrototype for anything besides grouping logically similar damage in UIs' [C:\Users\docta\Desktop\Aoife\SS14-Persistencenewbie\Content.Shared\Content.Shared.csproj]
C:\Users\docta\Desktop\Aoife\SS14-Persistencenewbie\Content.Shared\Damage\Prototypes\DamageContainerPrototype.cs(25,29): warning CS0618: 'DamageGroupPrototype' is obsolete: 'Do not rely on DamageGroupPrototype for anything besides grouping logically similar damage in UIs' [C:\Users\docta\Desktop\Aoife\SS14-Persistencenewbie\Content.Shared\Content.Shared.csproj]
C:\Users\docta\Desktop\Aoife\SS14-Persistencenewbie\Content.Shared\Damage\Systems\Damageable\DamageableSystem.API.cs(194,17): warning CS0618: 'DamageGroupPrototype' is obsolete: 'Do not rely on DamageGroupPrototype for anything besides grouping logically similar damage in UIs' [C:\Users\docta\Desktop\Aoife\SS14-Persistencenewbie\Content.Shared\Content.Shared.csproj]
C:\Users\docta\Desktop\Aoife\SS14-Persistencenewbie\Content.Shared\Damage\Systems\Damageable\DamageableSystem.API.cs(265,17): warning CS0618: 'DamageGroupPrototype' is obsolete: 'Do not rely on DamageGroupPrototype for anything besides grouping logically similar damage in UIs' [C:\Users\docta\Desktop\Aoife\SS14-Persistencenewbie\Content.Shared\Content.Shared.csproj]
C:\Users\docta\Desktop\Aoife\SS14-Persistencenewbie\Content.Shared\Damage\Systems\Damageable\DamageableSystem.API.cs(301,17): warning CS0618: 'DamageGroupPrototype' is obsolete: 'Do not rely on DamageGroupPrototype for anything besides grouping logically similar damage in UIs' [C:\Users\docta\Desktop\Aoife\SS14-Persistencenewbie\Content.Shared\Content.Shared.csproj]
C:\Users\docta\Desktop\Aoife\SS14-Persistencenewbie\Content.Shared\Damage\Systems\Damageable\DamageableSystem.API.cs(316,87): warning CS0618: 'DamageGroupPrototype' is obsolete: 'Do not rely on DamageGroupPrototype for anything besides grouping logically similar damage in UIs' [C:\Users\docta\Desktop\Aoife\SS14-Persistencenewbie\Content.Shared\Content.Shared.csproj]
C:\Users\docta\Desktop\Aoife\SS14-Persistencenewbie\Content.Shared\Damage\Systems\Damageable\DamageableSystem.cs(78,96): warning CS0618: 'DamageGroupPrototype' is obsolete: 'Do not rely on DamageGroupPrototype for anything besides grouping logically similar damage in UIs' [C:\Users\docta\Desktop\Aoife\SS14-Persistencenewbie\Content.Shared\Content.Shared.csproj]
C:\Users\docta\Desktop\Aoife\SS14-Persistencenewbie\Content.Shared\Damage\Systems\SharedGodmodeSystem.cs(70,76): warning CS0618: 'BeforeOldStatusEffectAddedEvent' is obsolete: 'Migration to StatusEffectNew.StatusEffectsSystem is required' [C:\Users\docta\Desktop\Aoife\SS14-Persistencenewbie\Content.Shared\Content.Shared.csproj]
C:\Users\docta\Desktop\Aoife\SS14-Persistencenewbie\Content.Shared\StatusEffect\StatusEffectsComponent.cs(8,20): warning CS0618: 'StatusEffectsSystem' is obsolete: 'Migration to Content.Shared.StatusEffectNew.StatusEffectsSystem is required' [C:\Users\docta\Desktop\Aoife\SS14-Persistencenewbie\Content.Shared\Content.Shared.csproj]
C:\Users\docta\Desktop\Aoife\SS14-Persistencenewbie\Content.Shared\Jittering\SharedJitteringSystem.cs(16,41): warning CS0618: 'StatusEffectsSystem' is obsolete: 'Migration to Content.Shared.StatusEffectNew.StatusEffectsSystem is required' [C:\Users\docta\Desktop\Aoife\SS14-Persistencenewbie\Content.Shared\Content.Shared.csproj]
C:\Users\docta\Desktop\Aoife\SS14-Persistencenewbie\Content.Shared\StatusEffect\StatusEffectsComponent.cs(17,62): warning CS0618: 'StatusEffectsSystem' is obsolete: 'Migration to Content.Shared.StatusEffectNew.StatusEffectsSystem is required' [C:\Users\docta\Desktop\Aoife\SS14-Persistencenewbie\Content.Shared\Content.Shared.csproj]
C:\Users\docta\Desktop\Aoife\SS14-Persistencenewbie\Content.Shared\Eye\Blinding\Systems\EyeProtectionSystem.cs(12,39): warning CS0618: 'StatusEffectsSystem' is obsolete: 'Migration to Content.Shared.StatusEffectNew.StatusEffectsSystem is required' [C:\Users\docta\Desktop\Aoife\SS14-Persistencenewbie\Content.Shared\Content.Shared.csproj]
C:\Users\docta\Desktop\Aoife\SS14-Persistencenewbie\Content.Shared\Xenoarchaeology\Artifact\XAT\Components\XATDamageThresholdReachedComponent.cs(37,31): warning CS0618: 'DamageGroupPrototype' is obsolete: 'Do not rely on DamageGroupPrototype for anything besides grouping logically similar damage in UIs' [C:\Users\docta\Desktop\Aoife\SS14-Persistencenewbie\Content.Shared\Content.Shared.csproj]
C:\Users\docta\Desktop\Aoife\SS14-Persistencenewbie\Content.Shared\obj\Debug\Robust.Shared.CompNetworkGenerator\Robust.Shared.CompNetworkGenerator.ComponentNetworkGenerator\XATDamageThresholdReachedComponent_CompNetwork.g.cs(26,103): warning CS0618: 'DamageGroupPrototype' is obsolete: 'Do not rely on DamageGroupPrototype for anything besides grouping logically similar damage in UIs' [C:\Users\docta\Desktop\Aoife\SS14-Persistencenewbie\Content.Shared\Content.Shared.csproj]
C:\Users\docta\Desktop\Aoife\SS14-Persistencenewbie\Content.Shared\Weapons\Melee\Components\MeleeSoundComponent.cs(18,86): warning CS0618: 'DamageGroupPrototype' is obsolete: 'Do not rely on DamageGroupPrototype for anything besides grouping logically similar damage in UIs' [C:\Users\docta\Desktop\Aoife\SS14-Persistencenewbie\Content.Shared\Content.Shared.csproj]

Build FAILED.

C:\Users\docta\Desktop\Aoife\SS14-Persistencenewbie\RobustToolbox\Robust.Shared\Robust.Shared.csproj : warning NU1510: PackageReference Microsoft.Win32.Registry will not be pruned. Consider removing this package from your dependencies, as it is likely unnecessary. [C:\Users\docta\Desktop\Aoife\SS14-Persistencenewbie\Content.Shared\Content.Shared.csproj]
C:\Users\docta\Desktop\Aoife\SS14-Persistencenewbie\RobustToolbox\Robust.Shared\Robust.Shared.csproj : warning NU1510: PackageReference System.Reflection.Metadata will not be pruned. Consider removing this package from your dependencies, as it is likely unnecessary. [C:\Users\docta\Desktop\Aoife\SS14-Persistencenewbie\Content.Shared\Content.Shared.csproj]
C:\Users\docta\Desktop\Aoife\SS14-Persistencenewbie\RobustToolbox\Robust.Shared\Robust.Shared.csproj : warning NU1510: PackageReference Microsoft.Win32.Registry will not be pruned. Consider removing this package from your dependencies, as it is likely unnecessary.
C:\Users\docta\Desktop\Aoife\SS14-Persistencenewbie\RobustToolbox\Robust.Shared\Robust.Shared.csproj : warning NU1510: PackageReference System.Reflection.Metadata will not be pruned. Consider removing this package from your dependencies, as it is likely unnecessary.
C:\Users\docta\Desktop\Aoife\SS14-Persistencenewbie\Content.Shared\EntityEffects\Effects\Damage\DistributedHealthChangeEntityEffectSystem.cs(36,31): warning CS0618: 'DamageGroupPrototype' is obsolete: 'Do not rely on DamageGroupPrototype for anything besides grouping logically similar damage in UIs' [C:\Users\docta\Desktop\Aoife\SS14-Persistencenewbie\Content.Shared\Content.Shared.csproj]
C:\Users\docta\Desktop\Aoife\SS14-Persistencenewbie\Content.Shared\EntityEffects\Effects\Damage\EvenHealthChangeEntityEffectSystem.cs(35,31): warning CS0618: 'DamageGroupPrototype' is obsolete: 'Do not rely on DamageGroupPrototype for anything besides grouping logically similar damage in UIs' [C:\Users\docta\Desktop\Aoife\SS14-Persistencenewbie\Content.Shared\Content.Shared.csproj]
C:\Users\docta\Desktop\Aoife\SS14-Persistencenewbie\Content.Shared\GhostTypes\LastBodyDamageComponent.cs(19,31): warning CS0618: 'DamageGroupPrototype' is obsolete: 'Do not rely on DamageGroupPrototype for anything besides grouping logically similar damage in UIs' [C:\Users\docta\Desktop\Aoife\SS14-Persistencenewbie\Content.Shared\Content.Shared.csproj]
C:\Users\docta\Desktop\Aoife\SS14-Persistencenewbie\Content.Shared\obj\Debug\Robust.Shared.CompNetworkGenerator\Robust.Shared.CompNetworkGenerator.ComponentNetworkGenerator\LastBodyDamageComponent_CompNetwork.g.cs(24,103): warning CS0618: 'DamageGroupPrototype' is obsolete: 'Do not rely on DamageGroupPrototype for anything besides grouping logically similar damage in UIs' [C:\Users\docta\Desktop\Aoife\SS14-Persistencenewbie\Content.Shared\Content.Shared.csproj]
C:\Users\docta\Desktop\Aoife\SS14-Persistencenewbie\Content.Shared\Flash\SharedFlashSystem.cs(40,35): warning CS0618: 'StatusEffectsSystem' is obsolete: 'Migration to Content.Shared.StatusEffectNew.StatusEffectsSystem is required' [C:\Users\docta\Desktop\Aoife\SS14-Persistencenewbie\Content.Shared\Content.Shared.csproj]
C:\Users\docta\Desktop\Aoife\SS14-Persistencenewbie\Content.Shared\Destructible\Triggers\DamageGroupTrigger.cs(21,20): warning CS0618: 'DamageGroupPrototype' is obsolete: 'Do not rely on DamageGroupPrototype for anything besides grouping logically similar damage in UIs' [C:\Users\docta\Desktop\Aoife\SS14-Persistencenewbie\Content.Shared\Content.Shared.csproj]
C:\Users\docta\Desktop\Aoife\SS14-Persistencenewbie\Content.Shared\Damage\Components\DamageableComponent.cs(63,31): warning CS0618: 'DamageGroupPrototype' is obsolete: 'Do not rely on DamageGroupPrototype for anything besides grouping logically similar damage in UIs' [C:\Users\docta\Desktop\Aoife\SS14-Persistencenewbie\Content.Shared\Content.Shared.csproj]
C:\Users\docta\Desktop\Aoife\SS14-Persistencenewbie\Content.Shared\Damage\Components\DamageableComponent.cs(82,25): warning CS0618: 'DamageGroupPrototype' is obsolete: 'Do not rely on DamageGroupPrototype for anything besides grouping logically similar damage in UIs' [C:\Users\docta\Desktop\Aoife\SS14-Persistencenewbie\Content.Shared\Content.Shared.csproj]
C:\Users\docta\Desktop\Aoife\SS14-Persistencenewbie\Content.Shared\Damage\DamageSpecifier.cs(297,41): warning CS0618: 'DamageGroupPrototype' is obsolete: 'Do not rely on DamageGroupPrototype for anything besides grouping logically similar damage in UIs' [C:\Users\docta\Desktop\Aoife\SS14-Persistencenewbie\Content.Shared\Content.Shared.csproj]
C:\Users\docta\Desktop\Aoife\SS14-Persistencenewbie\Content.Shared\Damage\DamageSpecifier.cs(322,35): warning CS0618: 'DamageGroupPrototype' is obsolete: 'Do not rely on DamageGroupPrototype for anything besides grouping logically similar damage in UIs' [C:\Users\docta\Desktop\Aoife\SS14-Persistencenewbie\Content.Shared\Content.Shared.csproj]
C:\Users\docta\Desktop\Aoife\SS14-Persistencenewbie\Content.Shared\Damage\DamageSpecifier.cs(330,90): warning CS0618: 'DamageGroupPrototype' is obsolete: 'Do not rely on DamageGroupPrototype for anything besides grouping logically similar damage in UIs' [C:\Users\docta\Desktop\Aoife\SS14-Persistencenewbie\Content.Shared\Content.Shared.csproj]
C:\Users\docta\Desktop\Aoife\SS14-Persistencenewbie\Content.Shared\Damage\DamageSpecifier.cs(102,32): warning CS0618: 'DamageGroupPrototype' is obsolete: 'Do not rely on DamageGroupPrototype for anything besides grouping logically similar damage in UIs' [C:\Users\docta\Desktop\Aoife\SS14-Persistencenewbie\Content.Shared\Content.Shared.csproj]
C:\Users\docta\Desktop\Aoife\SS14-Persistencenewbie\Content.Shared\Damage\DamageVisualizerKeys.cs(19,29): warning CS0618: 'DamageGroupPrototype' is obsolete: 'Do not rely on DamageGroupPrototype for anything besides grouping logically similar damage in UIs' [C:\Users\docta\Desktop\Aoife\SS14-Persistencenewbie\Content.Shared\Content.Shared.csproj]
C:\Users\docta\Desktop\Aoife\SS14-Persistencenewbie\Content.Shared\Damage\DamageVisualizerKeys.cs(21,55): warning CS0618: 'DamageGroupPrototype' is obsolete: 'Do not rely on DamageGroupPrototype for anything besides grouping logically similar damage in UIs' [C:\Users\docta\Desktop\Aoife\SS14-Persistencenewbie\Content.Shared\Content.Shared.csproj]
C:\Users\docta\Desktop\Aoife\SS14-Persistencenewbie\Content.Shared\Damage\ForceSay\DamageForceSayComponent.cs(46,28): warning CS0618: 'DamageGroupPrototype' is obsolete: 'Do not rely on DamageGroupPrototype for anything besides grouping logically similar damage in UIs' [C:\Users\docta\Desktop\Aoife\SS14-Persistencenewbie\Content.Shared\Content.Shared.csproj]
C:\Users\docta\Desktop\Aoife\SS14-Persistencenewbie\Content.Shared\Damage\Prototypes\DamageContainerPrototype.cs(25,29): warning CS0618: 'DamageGroupPrototype' is obsolete: 'Do not rely on DamageGroupPrototype for anything besides grouping logically similar damage in UIs' [C:\Users\docta\Desktop\Aoife\SS14-Persistencenewbie\Content.Shared\Content.Shared.csproj]
C:\Users\docta\Desktop\Aoife\SS14-Persistencenewbie\Content.Shared\Damage\Systems\Damageable\DamageableSystem.API.cs(194,17): warning CS0618: 'DamageGroupPrototype' is obsolete: 'Do not rely on DamageGroupPrototype for anything besides grouping logically similar damage in UIs' [C:\Users\docta\Desktop\Aoife\SS14-Persistencenewbie\Content.Shared\Content.Shared.csproj]
C:\Users\docta\Desktop\Aoife\SS14-Persistencenewbie\Content.Shared\Damage\Systems\Damageable\DamageableSystem.API.cs(265,17): warning CS0618: 'DamageGroupPrototype' is obsolete: 'Do not rely on DamageGroupPrototype for anything besides grouping logically similar damage in UIs' [C:\Users\docta\Desktop\Aoife\SS14-Persistencenewbie\Content.Shared\Content.Shared.csproj]
C:\Users\docta\Desktop\Aoife\SS14-Persistencenewbie\Content.Shared\Damage\Systems\Damageable\DamageableSystem.API.cs(301,17): warning CS0618: 'DamageGroupPrototype' is obsolete: 'Do not rely on DamageGroupPrototype for anything besides grouping logically similar damage in UIs' [C:\Users\docta\Desktop\Aoife\SS14-Persistencenewbie\Content.Shared\Content.Shared.csproj]
C:\Users\docta\Desktop\Aoife\SS14-Persistencenewbie\Content.Shared\Damage\Systems\Damageable\DamageableSystem.API.cs(316,87): warning CS0618: 'DamageGroupPrototype' is obsolete: 'Do not rely on DamageGroupPrototype for anything besides grouping logically similar damage in UIs' [C:\Users\docta\Desktop\Aoife\SS14-Persistencenewbie\Content.Shared\Content.Shared.csproj]
C:\Users\docta\Desktop\Aoife\SS14-Persistencenewbie\Content.Shared\Damage\Systems\Damageable\DamageableSystem.cs(78,96): warning CS0618: 'DamageGroupPrototype' is obsolete: 'Do not rely on DamageGroupPrototype for anything besides grouping logically similar damage in UIs' [C:\Users\docta\Desktop\Aoife\SS14-Persistencenewbie\Content.Shared\Content.Shared.csproj]
C:\Users\docta\Desktop\Aoife\SS14-Persistencenewbie\Content.Shared\Damage\Systems\SharedGodmodeSystem.cs(70,76): warning CS0618: 'BeforeOldStatusEffectAddedEvent' is obsolete: 'Migration to StatusEffectNew.StatusEffectsSystem is required' [C:\Users\docta\Desktop\Aoife\SS14-Persistencenewbie\Content.Shared\Content.Shared.csproj]
C:\Users\docta\Desktop\Aoife\SS14-Persistencenewbie\Content.Shared\StatusEffect\StatusEffectsComponent.cs(8,20): warning CS0618: 'StatusEffectsSystem' is obsolete: 'Migration to Content.Shared.StatusEffectNew.StatusEffectsSystem is required' [C:\Users\docta\Desktop\Aoife\SS14-Persistencenewbie\Content.Shared\Content.Shared.csproj]
C:\Users\docta\Desktop\Aoife\SS14-Persistencenewbie\Content.Shared\Jittering\SharedJitteringSystem.cs(16,41): warning CS0618: 'StatusEffectsSystem' is obsolete: 'Migration to Content.Shared.StatusEffectNew.StatusEffectsSystem is required' [C:\Users\docta\Desktop\Aoife\SS14-Persistencenewbie\Content.Shared\Content.Shared.csproj]
C:\Users\docta\Desktop\Aoife\SS14-Persistencenewbie\Content.Shared\StatusEffect\StatusEffectsComponent.cs(17,62): warning CS0618: 'StatusEffectsSystem' is obsolete: 'Migration to Content.Shared.StatusEffectNew.StatusEffectsSystem is required' [C:\Users\docta\Desktop\Aoife\SS14-Persistencenewbie\Content.Shared\Content.Shared.csproj]
C:\Users\docta\Desktop\Aoife\SS14-Persistencenewbie\Content.Shared\Eye\Blinding\Systems\EyeProtectionSystem.cs(12,39): warning CS0618: 'StatusEffectsSystem' is obsolete: 'Migration to Content.Shared.StatusEffectNew.StatusEffectsSystem is required' [C:\Users\docta\Desktop\Aoife\SS14-Persistencenewbie\Content.Shared\Content.Shared.csproj]
C:\Users\docta\Desktop\Aoife\SS14-Persistencenewbie\Content.Shared\Xenoarchaeology\Artifact\XAT\Components\XATDamageThresholdReachedComponent.cs(37,31): warning CS0618: 'DamageGroupPrototype' is obsolete: 'Do not rely on DamageGroupPrototype for anything besides grouping logically similar damage in UIs' [C:\Users\docta\Desktop\Aoife\SS14-Persistencenewbie\Content.Shared\Content.Shared.csproj]
C:\Users\docta\Desktop\Aoife\SS14-Persistencenewbie\Content.Shared\obj\Debug\Robust.Shared.CompNetworkGenerator\Robust.Shared.CompNetworkGenerator.ComponentNetworkGenerator\XATDamageThresholdReachedComponent_CompNetwork.g.cs(26,103): warning CS0618: 'DamageGroupPrototype' is obsolete: 'Do not rely on DamageGroupPrototype for anything besides grouping logically similar damage in UIs' [C:\Users\docta\Desktop\Aoife\SS14-Persistencenewbie\Content.Shared\Content.Shared.csproj]
C:\Users\docta\Desktop\Aoife\SS14-Persistencenewbie\Content.Shared\Weapons\Melee\Components\MeleeSoundComponent.cs(18,86): warning CS0618: 'DamageGroupPrototype' is obsolete: 'Do not rely on DamageGroupPrototype for anything besides grouping logically similar damage in UIs' [C:\Users\docta\Desktop\Aoife\SS14-Persistencenewbie\Content.Shared\Content.Shared.csproj]
C:\Users\docta\Desktop\Aoife\SS14-Persistencenewbie\Content.Shared\Medical\Healing\HealingSystem.cs(37,35): error CS0246: The type or namespace name 'SharedEntityConditionSystem' could not be found (are you missing a using directive or an assembly reference?) [C:\Users\docta\Desktop\Aoife\SS14-Persistencenewbie\Content.Shared\Content.Shared.csproj]
C:\Users\docta\Desktop\Aoife\SS14-Persistencenewbie\Content.Shared\Medical\Healing\HealingSystem.cs(27,6): error CS0104: 'Dependency' is an ambiguous reference between 'Robust.Shared.IoC.DependencyAttribute' and 'System.Runtime.CompilerServices.DependencyAttribute' [C:\Users\docta\Desktop\Aoife\SS14-Persistencenewbie\Content.Shared\Content.Shared.csproj]
C:\Users\docta\Desktop\Aoife\SS14-Persistencenewbie\Content.Shared\Medical\Healing\HealingSystem.cs(28,6): error CS0104: 'Dependency' is an ambiguous reference between 'Robust.Shared.IoC.DependencyAttribute' and 'System.Runtime.CompilerServices.DependencyAttribute' [C:\Users\docta\Desktop\Aoife\SS14-Persistencenewbie\Content.Shared\Content.Shared.csproj]
C:\Users\docta\Desktop\Aoife\SS14-Persistencenewbie\Content.Shared\Medical\Healing\HealingSystem.cs(29,6): error CS0104: 'Dependency' is an ambiguous reference between 'Robust.Shared.IoC.DependencyAttribute' and 'System.Runtime.CompilerServices.DependencyAttribute' [C:\Users\docta\Desktop\Aoife\SS14-Persistencenewbie\Content.Shared\Content.Shared.csproj]
C:\Users\docta\Desktop\Aoife\SS14-Persistencenewbie\Content.Shared\Medical\Healing\HealingSystem.cs(30,6): error CS0104: 'Dependency' is an ambiguous reference between 'Robust.Shared.IoC.DependencyAttribute' and 'System.Runtime.CompilerServices.DependencyAttribute' [C:\Users\docta\Desktop\Aoife\SS14-Persistencenewbie\Content.Shared\Content.Shared.csproj]
C:\Users\docta\Desktop\Aoife\SS14-Persistencenewbie\Content.Shared\Medical\Healing\HealingSystem.cs(31,6): error CS0104: 'Dependency' is an ambiguous reference between 'Robust.Shared.IoC.DependencyAttribute' and 'System.Runtime.CompilerServices.DependencyAttribute' [C:\Users\docta\Desktop\Aoife\SS14-Persistencenewbie\Content.Shared\Content.Shared.csproj]
C:\Users\docta\Desktop\Aoife\SS14-Persistencenewbie\Content.Shared\Medical\Healing\HealingSystem.cs(32,6): error CS0104: 'Dependency' is an ambiguous reference between 'Robust.Shared.IoC.DependencyAttribute' and 'System.Runtime.CompilerServices.DependencyAttribute' [C:\Users\docta\Desktop\Aoife\SS14-Persistencenewbie\Content.Shared\Content.Shared.csproj]
C:\Users\docta\Desktop\Aoife\SS14-Persistencenewbie\Content.Shared\Medical\Healing\HealingSystem.cs(33,6): error CS0104: 'Dependency' is an ambiguous reference between 'Robust.Shared.IoC.DependencyAttribute' and 'System.Runtime.CompilerServices.DependencyAttribute' [C:\Users\docta\Desktop\Aoife\SS14-Persistencenewbie\Content.Shared\Content.Shared.csproj]
C:\Users\docta\Desktop\Aoife\SS14-Persistencenewbie\Content.Shared\Medical\Healing\HealingSystem.cs(34,6): error CS0104: 'Dependency' is an ambiguous reference between 'Robust.Shared.IoC.DependencyAttribute' and 'System.Runtime.CompilerServices.DependencyAttribute' [C:\Users\docta\Desktop\Aoife\SS14-Persistencenewbie\Content.Shared\Content.Shared.csproj]
C:\Users\docta\Desktop\Aoife\SS14-Persistencenewbie\Content.Shared\Medical\Healing\HealingSystem.cs(35,6): error CS0104: 'Dependency' is an ambiguous reference between 'Robust.Shared.IoC.DependencyAttribute' and 'System.Runtime.CompilerServices.DependencyAttribute' [C:\Users\docta\Desktop\Aoife\SS14-Persistencenewbie\Content.Shared\Content.Shared.csproj]
C:\Users\docta\Desktop\Aoife\SS14-Persistencenewbie\Content.Shared\Medical\Healing\HealingSystem.cs(36,6): error CS0104: 'Dependency' is an ambiguous reference between 'Robust.Shared.IoC.DependencyAttribute' and 'System.Runtime.CompilerServices.DependencyAttribute' [C:\Users\docta\Desktop\Aoife\SS14-Persistencenewbie\Content.Shared\Content.Shared.csproj]
C:\Users\docta\Desktop\Aoife\SS14-Persistencenewbie\Content.Shared\Medical\Healing\HealingSystem.cs(37,6): error CS0104: 'Dependency' is an ambiguous reference between 'Robust.Shared.IoC.DependencyAttribute' and 'System.Runtime.CompilerServices.DependencyAttribute' [C:\Users\docta\Desktop\Aoife\SS14-Persistencenewbie\Content.Shared\Content.Shared.csproj]
    33 Warning(s)
    12 Error(s)

Time Elapsed 00:00:09.26
